// Vitest Snapshot v1, https://vitest.dev/guide/snapshot.html

exports[`Watermark.vue > create 1`] = `"<div style="position: relative;" class="watermark">Rem is the best girl</div>"`;
